<html>
<body>
<pre>
<h1>礦ision Build Log</h1>
<h2>Project:</h2>
E:\new project\STM32正交编码器程序\USER\TEST.uvproj
Project File Date:  09/09/2012

<h2>Output:</h2>
Build target 'Target 1'
compiling test.c...
compiling timer.c...
linking...
Program Size: Code=5184 RO-data=268 RW-data=20 ZI-data=612  
FromELF: creating hex file...
"TEST.axf" - 0 Error(s), 0 Warning(s).
Build target 'Target 1'
compiling test.c...
test.c(14): warning:  #223-D: function "LED_Init" declared implicitly
test.c:         LED_Init();                      //初始化与LED连接的硬件接口
test.c:         ^
test.c: test.c: 1 warning, 0 errors
compiling timer.c...
linking...
Program Size: Code=5184 RO-data=268 RW-data=20 ZI-data=612  
FromELF: creating hex file...
"TEST.axf" - 0 Error(s), 1 Warning(s).
Build target 'Target 1'
compiling test.c...
linking...
Program Size: Code=5184 RO-data=268 RW-data=20 ZI-data=612  
FromELF: creating hex file...
"TEST.axf" - 0 Error(s), 0 Warning(s).
Build target 'Target 1'
compiling test.c...
compiling timer.c...
linking...
Program Size: Code=5184 RO-data=268 RW-data=20 ZI-data=612  
FromELF: creating hex file...
"TEST.axf" - 0 Error(s), 0 Warning(s).
