<html>
<body>
<pre>
<h1>µVision Build Log</h1>
<h2>Project:</h2>
H:\STM32-course\±àÂëÆ÷\rotaryEncoder_location_F1\USER\rotaryEncoder_location_F1.uvproj
Project File Date:  07/14/2019

<h2>Output:</h2>
Build target 'ratoryEncoder'
compiling timer.c...
linking...
Program Size: Code=3640 RO-data=268 RW-data=8 ZI-data=608  
FromELF: creating hex file...
".\TEST.axf" - 0 Error(s), 0 Warning(s).
</pre>
</body>
</html>
s.c...
compiling usart.c...
compiling timer.c...
..\HARDWARE\TIMER\timer.c(5): error:  #5: cannot open source input file "led.h": No such file or directory
  #include "led.h"
..\HARDWARE\TIMER\timer.c: 0 warnings, 1 error
".\TEST.axf" - 2 Error(s), 0 Warning(s).
Target not created
