<html>
<body>
<pre>
<h1>礦ision Build Log</h1>
<h2>Project:</h2>
H:\STM32基础知识系列教程\fpu测试\f4程序\USER\LED.uvprojx
Project File Date:  06/08/2019

<h2>Output:</h2>
Build target 'LED'
compiling main.c...
compiling stm32f4xx_it.c...
compiling system_stm32f4xx.c...
compiling led.c...
compiling delay.c...
compiling sys.c...
compiling usart.c...
assembling startup_stm32f40_41xxx.s...
compiling misc.c...
compiling stm32f4xx_gpio.c...
compiling stm32f4xx_rcc.c...
compiling stm32f4xx_syscfg.c...
compiling stm32f4xx_usart.c...
compiling stm32f4xx_tim.c...
linking...
Program Size: Code=6244 RO-data=424 RW-data=28 ZI-data=1228  
FromELF: creating hex file...
"..\OBJ\LED.axf" - 0 Error(s), 0 Warning(s).
</pre>
</body>
</html>
Erase Done.
Programming Done.
Verify OK.
Application running ...
