<html>
<body>
<pre>
<h1>礦ision Build Log</h1>
<h2>Project:</h2>
E:\docment\STM32常用参考文献\原子资料\战舰V3 资料盘(A盘)\4，程序源码\2，标准例程-库函数版本\实验1 跑马灯实验\USER\LED.uvprojx
Project File Date:  06/06/2019

<h2>Output:</h2>
Build target 'LED'
compiling main.c...
linking...
Program Size: Code=8216 RO-data=512 RW-data=52 ZI-data=1836  
FromELF: creating hex file...
"..\OBJ\LED.axf" - 0 Error(s), 0 Warning(s).
Load "..\\OBJ\\LED.axf" 
Erase Done.
Programming Done.
Verify OK.
Application running ...
</pre>
</body>
</html>
ontents mismatch at: 08000004H  (Flash=49H  Required=EDH) !
Contents mismatch at: 08000005H  (Flash=02H  Required=01H) !
Contents mismatch at: 08000008H  (Flash=7BH  Required=5FH) !
Contents mismatch at: 0800000CH  (Flash=73H  Required=57H) !
Contents mismatch at: 08000010H  (Flash=77H  Required=5BH) !
Contents mismatch at: 08000014H  (Flash=97H  Required=3BH) !
Contents mismatch at: 08000018H  (Flash=AFH  Required=6FH) !
Contents mismatch at: 0800002CH  (Flash=41H  Required=E9H) !
Contents mismatch at: 0800002DH  (Flash=16H  Required=15H) !
Contents mismatch at: 08000030H  (Flash=9BH  Required=3FH) !
Contents mismatch at: 08000038H  (Flash=F5H  Required=D1H) !
Contents mismatch at: 0800003CH  (Flash=59H  Required=FDH) !
Contents mismatch at: 0800003DH  (Flash=17H  Required=16H) !
Contents mismatch at: 08000040H  (Flash=63H  Required=07H) !
Contents mismatch at: 08000044H  (Flash=63H  Required=07H) !
Contents mismatch at: 08000048H  (Flash=63H  Required=07H) !
Contents mismatch at: 0800004CH  (Flash=63H  Required=07H) !
Contents mismatch at: 08000050H  (Flash=63H  Required=07H) !
Contents mismatch at: 08000054H  (Flash=63H  Required=07H) !
Contents mismatch at: 08000058H  (Flash=63H  Required=07H) !
Contents mismatch at: 0800005CH  (Flash=63H  Required=07H) !
Contents mismatch at: 08000060H  (Flash=63H  Required=07H) !
Contents mismatch at: 08000064H  (Flash=63H  Required=07H) !
Contents mismatch at: 08000068H  (Flash=63H  Required=07H) !
Contents mismatch at: 0800006CH  (Flash=63H  Required=07H) !
Contents mismatch at: 08000070H  (Flash=63H  Required=07H) !
Contents mismatch at: 08000074H  (Flash=63H  Required=07H) !
Contents mismatch at: 08000078H  (Flash=63H  Required=07H) !
Contents mismatch at: 0800007CH  (Flash=63H  Required=07H) !
Contents mismatch at: 08000080H  (Flash=63H  Required=07H) !
Contents mismatch at: 08000084H  (Flash=63H  Required=07H) !
Contents mismatch at: 08000088H  (Flash=63H  Required=07H) !
Contents mismatch at: 0800008CH  (Flash=63H  Required=07H) !
Contents mismatch at: 08000090H  (Flash=63H  Required=07H) !
Contents mismatch at: 08000094H  (Flash=63H  Required=07H) !
Contents mismatch at: 08000098H  (Flash=63H  Required=07H) !
Contents mismatch at: 0800009CH  (Flash=63H  Required=07H) !
Contents mismatch at: 080000A0H  (Flash=63H  Required=07H) !
Contents mismatch at: 080000A4H  (Flash=63H  Required=07H) !
Contents mismatch at: 080000A8H  (Flash=63H  Required=07H) !
Contents mismatch at: 080000ACH  (Flash=63H  Required=07H) !
Contents mismatch at: 080000B0H  (Flash=63H  Required=07H) !
Contents mismatch at: 080000B4H  (Flash=63H  Required=07H) !
Contents mismatch at: 080000B8H  (Flash=63H  Required=07H) !
Contents mismatch at: 080000BCH  (Flash=63H  Required=07H) !
Contents mismatch at: 080000C0H  (Flash=63H  Required=07H) !
Contents mismatch at: 080000C4H  (Flash=63H  Required=07H) !
Contents mismatch at: 080000C8H  (Flash=63H  Required=07H) !
Contents mismatch at: 080000CCH  (Flash=63H  Required=07H) !
Contents mismatch at: 080000D0H  (Flash=63H  Required=07H) !
Contents mismatch at: 080000D4H  (Flash=91H  Required=4DH) !
Contents mismatch at: 080000D8H  (Flash=63H  Required=07H) !
Contents mismatch at: 080000DCH  (Flash=63H  Required=07H) !
Contents mismatch at: 080000E0H  (Flash=63H  Required=07H) !
Contents mismatch at: 080000E4H  (Flash=63H  Required=07H) !
Contents mismatch at: 080000E8H  (Flash=63H  Required=07H) !
Contents mismatch at: 080000ECH  (Flash=63H  Required=07H) !
Contents mismatch at: 080000F0H  (Flash=63H  Required=07H) !
Contents mismatch at: 080000F4H  (Flash=63H  Required=07H) !
Contents mismatch at: 080000F8H  (Flash=63H  Required=07H) !
Contents mismatch at: 080000FCH  (Flash=63H  Required=07H) !
Contents mismatch at: 08000100H  (Flash=63H  Required=07H) !
Contents mismatch at: 08000104H  (Flash=63H  Required=07H) !
Contents mismatch at: 08000108H  (Flash=63H  Required=07H) !
Contents mismatch at: 0800010CH  (Flash=63H  Required=07H) !
Contents mismatch at: 08000110H  (Flash=63H  Required=07H) !
Contents mismatch at: 08000114H  (Flash=63H  Required=07H) !
Contents mismatch at: 08000118H  (Flash=63H  Required=07H) !
Contents mismatch at: 0800011CH  (Flash=63H  Required=07H) !
Contents mismatch at: 08000120H  (Flash=63H  Required=07H) !
Contents mismatch at: 08000124H  (Flash=63H  Required=07H) !
Contents mismatch at: 08000128H  (Flash=63H  Required=07H) !
Contents mismatch at: 0800012CH  (Flash=63H  Required=07H) !
Contents mismatch at: 08000130H  (Flash=63H  Required=00H) !
Contents mismatch at: 08000131H  (Flash=02H  Required=F0H) !
Contents mismatch at: 08000132H  (Flash=00H  Required=02H) !
Contents mismatch at: 08000133H  (Flash=08H  Required=F8H) !
Contents mismatch at: 08000134H  (Flash=63H  Required=00H) !
Contents mismatch at: 08000135H  (Flash=02H  Required=F0H) !
Contents mismatch at: 08000136H  (Flash=00H  Required=4AH) !
Contents mismatch at: 08000137H  (Flash=08H  Required=F8H) !
Contents mismatch at: 08000138H  (Flash=63H  Required=0AH) !
Contents mismatch at: 08000139H  (Flash=02H  Required=A0H) !
Contents mismatch at: 0800013AH  (Flash=00H  Required=90H) !
Contents mismatch at: 0800013BH  (Flash=08H  Required=E8H) !
Contents mismatch at: 0800013CH  (Flash=63H  Required=00H) !
Contents mismatch at: 0800013DH  (Flash=02H  Required=0CH) !
Contents mismatch at: 0800013EH  (Flash=00H  Required=82H) !
Contents mismatch at: 0800013FH  (Flash=08H  Required=44H) !
Contents mismatch at: 08000140H  (Flash=63H  Required=83H) !
Contents mismatch at: 08000141H  (Flash=02H  Required=44H) !
Contents mismatch at: 08000142H  (Flash=00H  Required=AAH) !
Contents mismatch at: 08000143H  (Flash=08H  Required=F1H) !
Contents mismatch at: 08000144H  (Flash=63H  Required=01H) !
Contents mismatch at: 08000145H  (Flash=02H  Required=07H) !
Contents mismatch at: 08000146H  (Flash=00H  Required=DAH) !
Contents mismatch at: 08000147H  (Flash=08H  Required=45H) !
Contents mismatch at: 08000148H  (Flash=63H  Required=01H) !
Contents mismatch at: 08000149H  (Flash=02H  Required=D1H) !
Too many errors to display !
Error: Flash Download failed  -  "Cortex-M3"
Load "..\\OBJ\\LED.axf" 
Erase Done.
Programming Done.
Verify OK.
Application running ...
