<html>
<body>
<pre>
<h1>µVision Build Log</h1>
<h2>Project:</h2>
H:\STM32-course\±àÂëÆ÷\rotaryEncoder_position\USER\rotaryEncoder_position.uvprojx
Project File Date:  07/13/2019

<h2>Output:</h2>
Build target 'rotaryEncoder_position'
compiling rotaryEncoder.c...
linking...
Program Size: Code=30876 RO-data=6572 RW-data=56 ZI-data=1856  
FromELF: creating hex file...
"..\OBJ\Template.axf" - 0 Error(s), 0 Warning(s).
</pre>
</body>
</html>
f" 
Erase Done.
Programming Done.
Verify OK.
Application running ...
g...
Program Size: Code=30904 RO-data=6572 RW-data=56 ZI-data=1856  
FromELF: creating hex file...
"..\OBJ\Template.axf" - 0 Error(s), 1 Warning(s).
Load "..\\OBJ\\Template.axf" 
Erase Done.
Programming Done.
Verify OK.
Application running ...
ompiling sys.c...
compiling usart.c...
compiling lcd.c...
compiling rotaryEncoder.c...
..\HARDWARE\rotaryEncoder\rotaryEncoder.c(16): warning:  #177-D: variable "TIM_TimeBaseStructure" was declared but never referenced
        TIM_TimeBaseInitTypeDef TIM_TimeBaseStructure;
..\HARDWARE\rotaryEncoder\rotaryEncoder.c: 1 warning, 0 errors
linking...
Program Size: Code=30896 RO-data=6572 RW-data=56 ZI-data=1856  
FromELF: creating hex file...
"..\OBJ\Template.axf" - 0 Error(s), 1 Warning(s).
Load "..\\OBJ\\Template.axf" 
Erase Done.
Programming Done.
Verify OK.
Application running ...
