<html>
<body>
<pre>
<h1>µVision Build Log</h1>
<h2>Project:</h2>
H:\STM32-course\±àÂëÆ÷\rotaryEncoder_speedMeasure\USER\rotaryEncoder_speedMeasure.uvprojx
Project File Date:  07/12/2019

<h2>Output:</h2>
Build target 'rotaryEncoder'
compiling rotaryEncoder.c...
linking...
Program Size: Code=9588 RO-data=424 RW-data=56 ZI-data=1848  
FromELF: creating hex file...
"..\OBJ\Template.axf" - 0 Error(s), 0 Warning(s).
</pre>
</body>
</html>
.c: 0 warnings, 1 error
"..\OBJ\Template.axf" - 1 Error(s), 0 Warning(s).
Target not created
x_ltdc.c...
compiling stm32f4xx_pwr.c...
compiling stm32f4xx_rcc.c...
compiling stm32f4xx_syscfg.c...
compiling stm32f4xx_tim.c...
compiling stm32f4xx_usart.c...
compiling delay.c...
compiling sys.c...
compiling usart.c...
compiling lcd.c...
lcd.c: Error:  #5: cannot open source input file "..\HARDWARE\lcd\lcd.c": No such file or directory
..\HARDWARE\lcd\lcd.c: 0 warnings, 1 error
"..\OBJ\Template.axf" - 1 Error(s), 0 Warning(s).
Target not created
input file "..\HARDWARE\lcd\lcd.c": No such file or directory
..\HARDWARE\lcd\lcd.c: 0 warnings, 1 error
"..\OBJ\Template.axf" - 2 Error(s), 0 Warning(s).
Target not created
