<html>
<body>
<pre>
<h1>礦ision Build Log</h1>
<h2>Project:</h2>
H:\STM32基础知识系列教程\fpu测试\实验46 FPU测试(Julia分形)实验\实验46_1 FPU测试(Julia分形)实验_开启硬件FPU\USER\FPU_TEST.uvprojx
Project File Date:  04/15/2016

<h2>Output:</h2>
Build target 'FPU_TEST'
compiling main.c...
compiling stm32f4xx_it.c...
compiling system_stm32f4xx.c...
compiling led.c...
compiling lcd.c...
compiling key.c...
compiling timer.c...
compiling delay.c...
compiling sys.c...
compiling usart.c...
assembling startup_stm32f40_41xxx.s...
compiling misc.c...
compiling stm32f4xx_gpio.c...
compiling stm32f4xx_fsmc.c...
compiling stm32f4xx_rcc.c...
compiling stm32f4xx_syscfg.c...
compiling stm32f4xx_usart.c...
compiling stm32f4xx_tim.c...
linking...
Program Size: Code=13184 RO-data=600 RW-data=52 ZI-data=1836  
FromELF: creating hex file...
"..\OBJ\FPU_TEST.axf" - 0 Error(s), 0 Warning(s).
Load "..\\OBJ\\FPU_TEST.axf" 
Erase Done.
Programming Done.
Verify OK.
</pre>
</body>
</html>
